// Jest Snapshot v1, https://goo.gl/fbAQLP

exports[`Should render the LoginPage component 1`] = `
<div
  className="box-layout"
>
  <div
    className="box-layout__box"
  >
    <h1
      className="box-layout__title"
    >
      Graphing Demo
    </h1>
    <p>
      A simple use of graphing components in a web application
    </p>
    <button
      className="button"
    >
      Login with Google
    </button>
  </div>
</div>
`;
